// Jest Snapshot v1, https://goo.gl/fbAQLP

exports[`Creates a component renders correctly 1`] = `
<div
  className="countdown"
>
  <div
    className="countdown-segment"
  >
    <span
      className="countdown-segment-number"
    >
      0
    </span>
    <span
      className="countdown-segment-caption"
    >
      DAYS
    </span>
  </div>
  <div
    className="countdown-segment"
  >
    <span
      className="countdown-segment-number"
    >
      0
    </span>
    <span
      className="countdown-segment-caption"
    >
      HOURS
    </span>
  </div>
  <div
    className="countdown-segment"
  >
    <span
      className="countdown-segment-number"
    >
      0
    </span>
    <span
      className="countdown-segment-caption"
    >
      MIN
    </span>
  </div>
  <div
    className="countdown-segment"
  >
    <span
      className="countdown-segment-number"
    >
      0
    </span>
    <span
      className="countdown-segment-caption"
    >
      SEC
    </span>
  </div>
</div>
`;
