// Jest Snapshot v1, https://goo.gl/fbAQLP

exports[`Creates a component renders correctly 1`] = `
<div
  className="lifestyle-container"
>
  <div
    className="lifestyle-square"
  >
    <div
      className="lifestyle-div-1"
    />
    <div
      className="lifestyle-div-2 div-color"
    >
      <h5>
        HERITAGE
      </h5>
      <i
        className="fas fa-angle-right"
      />
    </div>
    <div
      className="lifestyle-div-3"
    />
    <div
      className="lifestyle-div-4 div-color"
    >
      <h5>
        THE LOVER
      </h5>
      <i
        className="fas fa-angle-right"
      />
    </div>
    <div
      className="lifestyle-div-5"
    />
    <div
      className="lifestyle-div-6 div-color"
    >
      <h5>
        PRESTIGE
      </h5>
      <i
        className="fas fa-angle-right"
      />
    </div>
    <div
      className="lifestyle-div-7"
    />
    <div
      className="lifestyle-div-8 div-color"
    >
      <h5>
        STAKE OR DIE
      </h5>
      <i
        className="fas fa-angle-right"
      />
    </div>
    <div
      className="lifestyle-div-9"
    />
  </div>
</div>
`;
