// Jest Snapshot v1, https://goo.gl/fbAQLP

exports[`Creates a component renders correctly 1`] = `
<div
  className="shop-container"
>
  <div
    className="shop-square"
  >
    <div
      className="countdown"
    >
      <div
        className="countdown-segment"
      >
        <span
          className="countdown-segment-number"
        >
          429
        </span>
        <span
          className="countdown-segment-caption"
        >
          DAYS
        </span>
      </div>
      <div
        className="countdown-segment"
      >
        <span
          className="countdown-segment-number"
        >
          16
        </span>
        <span
          className="countdown-segment-caption"
        >
          HOURS
        </span>
      </div>
      <div
        className="countdown-segment"
      >
        <span
          className="countdown-segment-number"
        >
          0
        </span>
        <span
          className="countdown-segment-caption"
        >
          MIN
        </span>
      </div>
      <div
        className="countdown-segment"
      >
        <span
          className="countdown-segment-number"
        >
          28
        </span>
        <span
          className="countdown-segment-caption"
        >
          SEC
        </span>
      </div>
    </div>
    <h2
      className="comming"
    >
       COMMING SOON !!
    </h2>
  </div>
</div>
`;
